AR portxor portxorarch /home/juan/Documents/Sistemas_digitais/Projeto1/portXor.vhd sub00/vhpl22 1539369072
AR moduloprincipal behavioral /home/juan/Documents/Sistemas_digitais/Projeto1/moduloPrincipal.vhd sub00/vhpl01 1535549187
AR contador2segundos contador2segundosarch /home/juan/Documents/Sistemas_digitais/Projeto1/contador2segundos.vhd sub00/vhpl30 1539300929
AR somador1bit somador1bitarch /home/juan/Documents/Sistemas_digitais/Projeto1/moduloPrincipal.vhd sub00/vhpl06 1539369058
AR multiplicador multiplicadorarch /home/juan/Documents/Sistemas_digitais/Projeto1/multiplicador.vhd sub00/vhpl20 1539369066
EN multiplicador NULL /home/juan/Documents/Sistemas_digitais/Projeto1/multiplicador.vhd sub00/vhpl19 1539369065
AR ula ulaarch /home/juan/Documents/Sistemas_digitais/Projeto1/ULA.vhd sub00/vhpl03 1539369074
EN somador8bits NULL /home/juan/Documents/Sistemas_digitais/Projeto1/somador8Bits.vhd sub00/vhpl17 1539369061
EN testesomador NULL /home/juan/Documents/Sistemas_digitais/Projeto1/TesteSomador.vhd sub00/vhpl09 1535731104
EN portor NULL /home/juan/Documents/Sistemas_digitais/Projeto1/portOu.vhd sub00/vhpl27 1539369069
EN portou NULL /home/juan/Documents/Sistemas_digitais/Projeto1/portOu.vhd sub00/vhpl13 1535732579
EN somador4bits NULL /home/juan/Documents/Sistemas_digitais/Projeto1/Somador4Bits.vhd sub00/vhpl07 1539369059
EN ula_test NULL /home/juan/Documents/Sistemas_digitais/Projeto1/ULA_Test.vhd sub00/vhpl23 1539300930
EN contador2segundos NULL /home/juan/Documents/Sistemas_digitais/Projeto1/contador2segundos.vhd sub00/vhpl29 1539300928
AR testesomador behavioral /home/juan/Documents/Sistemas_digitais/Projeto1/TesteSomador.vhd sub00/vhpl10 1535731105
AR portor portorarch /home/juan/Documents/Sistemas_digitais/Projeto1/portOu.vhd sub00/vhpl28 1539369070
EN ula NULL /home/juan/Documents/Sistemas_digitais/Projeto1/ULA.vhd sub00/vhpl02 1539369073
AR inversor inversorarch /home/juan/Documents/Sistemas_digitais/Projeto1/Inversor.vhd sub00/vhpl12 1539369064
AR portou portouarch /home/juan/Documents/Sistemas_digitais/Projeto1/portOu.vhd sub00/vhpl14 1535732580
EN moduloprincipal NULL /home/juan/Documents/Sistemas_digitais/Projeto1/moduloPrincipal.vhd sub00/vhpl00 1535549186
AR somador4bits somador4bitsarch /home/juan/Documents/Sistemas_digitais/Projeto1/Somador4Bits.vhd sub00/vhpl08 1539369060
EN inversor NULL /home/juan/Documents/Sistemas_digitais/Projeto1/Inversor.vhd sub00/vhpl11 1539369063
EN somador1bit NULL /home/juan/Documents/Sistemas_digitais/Projeto1/moduloPrincipal.vhd sub00/vhpl05 1539369057
AR contador contadorarch /home/juan/Documents/Sistemas_digitais/Projeto1/contador.vhd sub00/vhpl26 1539300927
AR ula_test ula_testarch /home/juan/Documents/Sistemas_digitais/Projeto1/ULA_Test.vhd sub00/vhpl24 1539300931
EN contador NULL /home/juan/Documents/Sistemas_digitais/Projeto1/contador.vhd sub00/vhpl25 1539300926
EN portand NULL /home/juan/Documents/Sistemas_digitais/Projeto1/portAnd.vhd sub00/vhpl15 1539369067
AR portand behavioral /home/juan/Documents/Sistemas_digitais/Projeto1/portAnd.vhd sub00/vhpl16 1539369068
EN somadorcompleto NULL /home/juan/Documents/Sistemas_digitais/Projeto1/moduloPrincipal.vhd sub00/vhpl04 1535571825
EN portxor NULL /home/juan/Documents/Sistemas_digitais/Projeto1/portXor.vhd sub00/vhpl21 1539369071
AR somador8bits somador8bitsarch /home/juan/Documents/Sistemas_digitais/Projeto1/somador8Bits.vhd sub00/vhpl18 1539369062
