AR portxor portxorarch /home/juan/Documents/Sistemas_digitais/Projeto1/portXor.vhd sub00/vhpl22 1537282959
AR moduloprincipal behavioral /home/juan/Documents/Sistemas_digitais/Projeto1/moduloPrincipal.vhd sub00/vhpl01 1535549187
AR somador1bit somador1bitarch /home/juan/Documents/Sistemas_digitais/Projeto1/moduloPrincipal.vhd sub00/vhpl06 1539117554
AR multiplicador multiplicadorarch /home/juan/Documents/Sistemas_digitais/Projeto1/multiplicador.vhd sub00/vhpl20 1539117562
EN multiplicador NULL /home/juan/Documents/Sistemas_digitais/Projeto1/multiplicador.vhd sub00/vhpl19 1539117561
AR ula ulaarch /home/juan/Documents/Sistemas_digitais/Projeto1/ULA.vhd sub00/vhpl03 1539117564
EN somador8bits NULL /home/juan/Documents/Sistemas_digitais/Projeto1/somador8Bits.vhd sub00/vhpl17 1539117557
EN testesomador NULL /home/juan/Documents/Sistemas_digitais/Projeto1/TesteSomador.vhd sub00/vhpl09 1535731104
EN portou NULL /home/juan/Documents/Sistemas_digitais/Projeto1/portOu.vhd sub00/vhpl13 1535732579
EN somador4bits NULL /home/juan/Documents/Sistemas_digitais/Projeto1/Somador4Bits.vhd sub00/vhpl07 1539117555
EN ula_test NULL /home/juan/Documents/Sistemas_digitais/Projeto1/ULA_Test.vhd sub00/vhpl23 1539117567
AR testesomador behavioral /home/juan/Documents/Sistemas_digitais/Projeto1/TesteSomador.vhd sub00/vhpl10 1535731105
EN ula NULL /home/juan/Documents/Sistemas_digitais/Projeto1/ULA.vhd sub00/vhpl02 1539117563
AR inversor inversorarch /home/juan/Documents/Sistemas_digitais/Projeto1/Inversor.vhd sub00/vhpl12 1539117560
AR portou portouarch /home/juan/Documents/Sistemas_digitais/Projeto1/portOu.vhd sub00/vhpl14 1535732580
EN moduloprincipal NULL /home/juan/Documents/Sistemas_digitais/Projeto1/moduloPrincipal.vhd sub00/vhpl00 1535549186
AR somador4bits somador4bitsarch /home/juan/Documents/Sistemas_digitais/Projeto1/Somador4Bits.vhd sub00/vhpl08 1539117556
EN inversor NULL /home/juan/Documents/Sistemas_digitais/Projeto1/Inversor.vhd sub00/vhpl11 1539117559
EN somador1bit NULL /home/juan/Documents/Sistemas_digitais/Projeto1/moduloPrincipal.vhd sub00/vhpl05 1539117553
AR contador contadorarch /home/juan/Documents/Sistemas_digitais/Projeto1/contador.vhd sub00/vhpl26 1539117566
AR ula_test ula_testarch /home/juan/Documents/Sistemas_digitais/Projeto1/ULA_Test.vhd sub00/vhpl24 1539117568
EN contador NULL /home/juan/Documents/Sistemas_digitais/Projeto1/contador.vhd sub00/vhpl25 1539117565
EN portand NULL /home/juan/Documents/Sistemas_digitais/Projeto1/portAnd.vhd sub00/vhpl15 1537218506
AR portand behavioral /home/juan/Documents/Sistemas_digitais/Projeto1/portAnd.vhd sub00/vhpl16 1537218507
EN somadorcompleto NULL /home/juan/Documents/Sistemas_digitais/Projeto1/moduloPrincipal.vhd sub00/vhpl04 1535571825
EN portxor NULL /home/juan/Documents/Sistemas_digitais/Projeto1/portXor.vhd sub00/vhpl21 1537282958
AR somador8bits somador8bitsarch /home/juan/Documents/Sistemas_digitais/Projeto1/somador8Bits.vhd sub00/vhpl18 1539117558
