V3 50
FL /home/juan/Documents/Sistemas_digitais/Projeto1/contador.vhd 2018/10/05.15:28:32 P.20131013
EN work/contador 1539200567 \
      FL /home/juan/Documents/Sistemas_digitais/Projeto1/contador.vhd \
      PB ieee/std_logic_1164 1381692176 PB ieee/NUMERIC_STD 1381692181
AR work/contador/contadorArch 1539200568 \
      FL /home/juan/Documents/Sistemas_digitais/Projeto1/contador.vhd \
      EN work/contador 1539200567
FL /home/juan/Documents/Sistemas_digitais/Projeto1/contador2segundos.vhd 2018/10/10.19:42:24 P.20131013
EN work/contador2segundos 1539200569 \
      FL /home/juan/Documents/Sistemas_digitais/Projeto1/contador2segundos.vhd \
      PB ieee/std_logic_1164 1381692176
AR work/contador2segundos/contador2segundosArch 1539200570 \
      FL /home/juan/Documents/Sistemas_digitais/Projeto1/contador2segundos.vhd \
      EN work/contador2segundos 1539200569
FL /home/juan/Documents/Sistemas_digitais/Projeto1/Inversor.vhd 2018/10/09.13:19:56 P.20131013
EN work/Inversor 1539200555 \
      FL /home/juan/Documents/Sistemas_digitais/Projeto1/Inversor.vhd \
      PB ieee/std_logic_1164 1381692176
AR work/Inversor/InversorArch 1539200556 \
      FL /home/juan/Documents/Sistemas_digitais/Projeto1/Inversor.vhd \
      EN work/Inversor 1539200555
FL /home/juan/Documents/Sistemas_digitais/Projeto1/moduloPrincipal.vhd 2018/10/08.20:20:49 P.20131013
EN work/Somador1Bit 1539200549 \
      FL /home/juan/Documents/Sistemas_digitais/Projeto1/moduloPrincipal.vhd \
      PB ieee/std_logic_1164 1381692176
AR work/Somador1Bit/Somador1BitArch 1539200550 \
      FL /home/juan/Documents/Sistemas_digitais/Projeto1/moduloPrincipal.vhd \
      EN work/Somador1Bit 1539200549
FL /home/juan/Documents/Sistemas_digitais/Projeto1/multiplicador.vhd 2018/09/18.13:50:16 P.20131013
EN work/multiplicador 1539200557 \
      FL /home/juan/Documents/Sistemas_digitais/Projeto1/multiplicador.vhd \
      PB ieee/std_logic_1164 1381692176
AR work/multiplicador/multiplicadorArch 1539200558 \
      FL /home/juan/Documents/Sistemas_digitais/Projeto1/multiplicador.vhd \
      EN work/multiplicador 1539200557 CP somador8Bits
FL /home/juan/Documents/Sistemas_digitais/Projeto1/portAnd.vhd 2018/08/31.16:34:03 P.20131013
EN work/portAnd 1539200559 \
      FL /home/juan/Documents/Sistemas_digitais/Projeto1/portAnd.vhd \
      PB ieee/std_logic_1164 1381692176
AR work/portAnd/Behavioral 1539200560 \
      FL /home/juan/Documents/Sistemas_digitais/Projeto1/portAnd.vhd \
      EN work/portAnd 1539200559
FL /home/juan/Documents/Sistemas_digitais/Projeto1/portOu.vhd 2018/10/09.21:36:30 P.20131013
EN work/portOR 1539200561 \
      FL /home/juan/Documents/Sistemas_digitais/Projeto1/portOu.vhd \
      PB ieee/std_logic_1164 1381692176
AR work/portOr/portOrArch 1539200562 \
      FL /home/juan/Documents/Sistemas_digitais/Projeto1/portOu.vhd \
      EN work/portOR 1539200561
FL /home/juan/Documents/Sistemas_digitais/Projeto1/portXor.vhd 2018/09/21.16:28:58 P.20131013
EN work/portXor 1539200563 \
      FL /home/juan/Documents/Sistemas_digitais/Projeto1/portXor.vhd \
      PB ieee/std_logic_1164 1381692176
AR work/portXor/portXorArch 1539200564 \
      FL /home/juan/Documents/Sistemas_digitais/Projeto1/portXor.vhd \
      EN work/portXor 1539200563
FL /home/juan/Documents/Sistemas_digitais/Projeto1/Somador4Bits.vhd 2018/10/08.20:32:53 P.20131013
EN work/Somador4Bits 1539200551 \
      FL /home/juan/Documents/Sistemas_digitais/Projeto1/Somador4Bits.vhd \
      PB ieee/std_logic_1164 1381692176
AR work/Somador4Bits/Somador4BitsArch 1539200552 \
      FL /home/juan/Documents/Sistemas_digitais/Projeto1/Somador4Bits.vhd \
      EN work/Somador4Bits 1539200551 CP Somador1Bit
FL /home/juan/Documents/Sistemas_digitais/Projeto1/somador8Bits.vhd 2018/09/14.16:43:32 P.20131013
EN work/somador8Bits 1539200553 \
      FL /home/juan/Documents/Sistemas_digitais/Projeto1/somador8Bits.vhd \
      PB ieee/std_logic_1164 1381692176
AR work/somador8Bits/somador8BitsArch 1539200554 \
      FL /home/juan/Documents/Sistemas_digitais/Projeto1/somador8Bits.vhd \
      EN work/somador8Bits 1539200553 CP Somador4Bits
FL /home/juan/Documents/Sistemas_digitais/Projeto1/TesteSomador.vhd 2018/08/31.15:28:48 P.20131013
EN work/TesteSomador 1535731104 \
      FL /home/juan/Documents/Sistemas_digitais/Projeto1/TesteSomador.vhd \
      PB ieee/std_logic_1164 1381692176
AR work/TesteSomador/Behavioral 1535731105 \
      FL /home/juan/Documents/Sistemas_digitais/Projeto1/TesteSomador.vhd \
      EN work/TesteSomador 1535731104 CP Somador4Bits
FL /home/juan/Documents/Sistemas_digitais/Projeto1/ULA.vhd 2018/10/09.22:23:58 P.20131013
EN work/ULA 1539200565 FL /home/juan/Documents/Sistemas_digitais/Projeto1/ULA.vhd \
      PB ieee/std_logic_1164 1381692176
AR work/ULA/ULaArch 1539200566 \
      FL /home/juan/Documents/Sistemas_digitais/Projeto1/ULA.vhd EN work/ULA 1539200565 \
      CP Somador4Bits CP Inversor CP multiplicador CP portAnd CP portOr CP portXor
FL /home/juan/Documents/Sistemas_digitais/Projeto1/ULA_Test.vhd 2018/10/10.19:23:31 P.20131013
EN work/ULA_Test 1539200571 \
      FL /home/juan/Documents/Sistemas_digitais/Projeto1/ULA_Test.vhd \
      PB ieee/std_logic_1164 1381692176
AR work/ULA_Test/ULA_TestArch 1539200572 \
      FL /home/juan/Documents/Sistemas_digitais/Projeto1/ULA_Test.vhd \
      EN work/ULA_Test 1539200571 CP ULA CP contador CP contador2segundos
