--------------------------------------------------------------------------------
Release 14.7 Trace  (lin64)
Copyright (c) 1995-2013 Xilinx, Inc.  All rights reserved.

/opt/Xilinx/14.7/ISE_DS/ISE/bin/lin64/unwrapped/trce -intstyle ise -v 3 -s 4 -n
3 -fastpaths -xml somador8Bits.twx somador8Bits.ncd -o somador8Bits.twr
somador8Bits.pcf

Design file:              somador8Bits.ncd
Physical constraint file: somador8Bits.pcf
Device,package,speed:     xc3s700an,fgg484,-4 (PRODUCTION 1.42 2013-10-13)
Report level:             verbose report

Environment Variable      Effect 
--------------------      ------ 
NONE                      No environment variables were set
--------------------------------------------------------------------------------

INFO:Timing:2698 - No timing constraints found, doing default enumeration.
INFO:Timing:3412 - To improve timing, see the Timing Closure User Guide (UG612).
INFO:Timing:2752 - To get complete path coverage, use the unconstrained paths 
   option. All paths that are not constrained will be reported in the 
   unconstrained paths section(s) of the report.
INFO:Timing:3339 - The clock-to-out numbers in this timing report are based on 
   a 50 Ohm transmission line loading model.  For the details of this model, 
   and for more information on accounting for different loading conditions, 
   please see the device datasheet.
INFO:Timing:3390 - This architecture does not support a default System Jitter 
   value, please add SYSTEM_JITTER constraint to the UCF to modify the Clock 
   Uncertainty calculation.
INFO:Timing:3389 - This architecture does not support 'Discrete Jitter' and 
   'Phase Error' calculations, these terms will be zero in the Clock 
   Uncertainty calculation.  Please make appropriate modification to 
   SYSTEM_JITTER to account for the unsupported Discrete Jitter and Phase 
   Error.



Data Sheet report:
-----------------
All values displayed in nanoseconds (ns)

Pad to Pad
---------------+-----------------+---------+
Source Pad     |Destination Pad  |  Delay  |
---------------+-----------------+---------+
numA8Bits<0>   |cOut             |   13.365|
numA8Bits<0>   |resultado8Bits<0>|    6.341|
numA8Bits<0>   |resultado8Bits<1>|    7.060|
numA8Bits<0>   |resultado8Bits<2>|    8.044|
numA8Bits<0>   |resultado8Bits<3>|    9.089|
numA8Bits<0>   |resultado8Bits<4>|   10.553|
numA8Bits<0>   |resultado8Bits<5>|   11.387|
numA8Bits<0>   |resultado8Bits<6>|   12.136|
numA8Bits<0>   |resultado8Bits<7>|   13.604|
numA8Bits<1>   |cOut             |   12.992|
numA8Bits<1>   |resultado8Bits<1>|    6.668|
numA8Bits<1>   |resultado8Bits<2>|    7.671|
numA8Bits<1>   |resultado8Bits<3>|    8.716|
numA8Bits<1>   |resultado8Bits<4>|   10.180|
numA8Bits<1>   |resultado8Bits<5>|   11.014|
numA8Bits<1>   |resultado8Bits<6>|   11.763|
numA8Bits<1>   |resultado8Bits<7>|   13.231|
numA8Bits<2>   |cOut             |   11.778|
numA8Bits<2>   |resultado8Bits<2>|    7.190|
numA8Bits<2>   |resultado8Bits<3>|    7.502|
numA8Bits<2>   |resultado8Bits<4>|    8.966|
numA8Bits<2>   |resultado8Bits<5>|    9.800|
numA8Bits<2>   |resultado8Bits<6>|   10.549|
numA8Bits<2>   |resultado8Bits<7>|   12.017|
numA8Bits<3>   |cOut             |   11.515|
numA8Bits<3>   |resultado8Bits<3>|    6.673|
numA8Bits<3>   |resultado8Bits<4>|    8.703|
numA8Bits<3>   |resultado8Bits<5>|    9.537|
numA8Bits<3>   |resultado8Bits<6>|   10.286|
numA8Bits<3>   |resultado8Bits<7>|   11.754|
numA8Bits<4>   |cOut             |    9.658|
numA8Bits<4>   |resultado8Bits<4>|    6.827|
numA8Bits<4>   |resultado8Bits<5>|    7.680|
numA8Bits<4>   |resultado8Bits<6>|    8.429|
numA8Bits<4>   |resultado8Bits<7>|    9.897|
numA8Bits<5>   |cOut             |    9.162|
numA8Bits<5>   |resultado8Bits<5>|    7.148|
numA8Bits<5>   |resultado8Bits<6>|    7.933|
numA8Bits<5>   |resultado8Bits<7>|    9.401|
numA8Bits<6>   |cOut             |    7.796|
numA8Bits<6>   |resultado8Bits<6>|    6.941|
numA8Bits<6>   |resultado8Bits<7>|    8.035|
numA8Bits<7>   |cOut             |    7.154|
numA8Bits<7>   |resultado8Bits<7>|    7.219|
numB8Bits<0>   |cOut             |   13.323|
numB8Bits<0>   |resultado8Bits<0>|    6.936|
numB8Bits<0>   |resultado8Bits<1>|    7.198|
numB8Bits<0>   |resultado8Bits<2>|    8.002|
numB8Bits<0>   |resultado8Bits<3>|    9.047|
numB8Bits<0>   |resultado8Bits<4>|   10.511|
numB8Bits<0>   |resultado8Bits<5>|   11.345|
numB8Bits<0>   |resultado8Bits<6>|   12.094|
numB8Bits<0>   |resultado8Bits<7>|   13.562|
numB8Bits<1>   |cOut             |   13.117|
numB8Bits<1>   |resultado8Bits<1>|    6.919|
numB8Bits<1>   |resultado8Bits<2>|    7.796|
numB8Bits<1>   |resultado8Bits<3>|    8.841|
numB8Bits<1>   |resultado8Bits<4>|   10.305|
numB8Bits<1>   |resultado8Bits<5>|   11.139|
numB8Bits<1>   |resultado8Bits<6>|   11.888|
numB8Bits<1>   |resultado8Bits<7>|   13.356|
numB8Bits<2>   |cOut             |   12.359|
numB8Bits<2>   |resultado8Bits<2>|    6.993|
numB8Bits<2>   |resultado8Bits<3>|    8.083|
numB8Bits<2>   |resultado8Bits<4>|    9.547|
numB8Bits<2>   |resultado8Bits<5>|   10.381|
numB8Bits<2>   |resultado8Bits<6>|   11.130|
numB8Bits<2>   |resultado8Bits<7>|   12.598|
numB8Bits<3>   |cOut             |   11.699|
numB8Bits<3>   |resultado8Bits<3>|    7.083|
numB8Bits<3>   |resultado8Bits<4>|    8.887|
numB8Bits<3>   |resultado8Bits<5>|    9.721|
numB8Bits<3>   |resultado8Bits<6>|   10.470|
numB8Bits<3>   |resultado8Bits<7>|   11.938|
numB8Bits<4>   |cOut             |    9.954|
numB8Bits<4>   |resultado8Bits<4>|    7.016|
numB8Bits<4>   |resultado8Bits<5>|    7.976|
numB8Bits<4>   |resultado8Bits<6>|    8.725|
numB8Bits<4>   |resultado8Bits<7>|   10.193|
numB8Bits<5>   |cOut             |    9.322|
numB8Bits<5>   |resultado8Bits<5>|    7.345|
numB8Bits<5>   |resultado8Bits<6>|    8.093|
numB8Bits<5>   |resultado8Bits<7>|    9.561|
numB8Bits<6>   |cOut             |    8.734|
numB8Bits<6>   |resultado8Bits<6>|    7.373|
numB8Bits<6>   |resultado8Bits<7>|    8.973|
numB8Bits<7>   |cOut             |    7.335|
numB8Bits<7>   |resultado8Bits<7>|    7.104|
---------------+-----------------+---------+


Analysis completed Mon Sep 17 20:52:33 2018 
--------------------------------------------------------------------------------

Trace Settings:
-------------------------
Trace Settings 

Peak Memory Usage: 367 MB



