V3 3
FL /home/juan/Documents/Sistemas_digitais/Projeto1/contador.vhd 2018/09/28.17:04:35 P.20131013
EN work/contador 1538154279 \
      FL /home/juan/Documents/Sistemas_digitais/Projeto1/contador.vhd \
      PB ieee/std_logic_1164 1381692176
AR work/contador/contadorArch 1538154280 \
      FL /home/juan/Documents/Sistemas_digitais/Projeto1/contador.vhd \
      EN work/contador 1538154279
